// Jest Snapshot v1, https://goo.gl/fbAQLP

exports[`renders correctly 1`] = `
<div
  className="App"
>
  <nav
    className="navbar navbar-expand navbar-light fixed-top"
    id="mainNav"
  >
    <div
      className="container"
    >
      <a
        className="navbar-brand js-scroll-trigger"
        href="#page-top"
      >
        <span
          className="d-none d-sm-inline mr-2"
        >
          <img
            alt=""
            height="40"
            src="logo.svg"
          />
        </span>
        Helping Families in Silicon Valley
      </a>
      <div
        className="collapse navbar-collapse"
        id="navbarResponsive"
      >
        <ul
          className="navbar-nav ml-auto"
        >
          <li
            className="nav-item"
          >
            <a
              className="nav-link js-scroll-trigger"
              href="#contact"
            >
              Contact
            </a>
          </li>
        </ul>
      </div>
    </div>
  </nav>
  <header
    className="masthead bg-img-smart-goals-group"
  >
    <div
      className="container h-100"
    >
      <div
        className="row h-100"
      >
        <div
          className="col my-auto"
        >
          <div
            className="header-content mx-auto"
          >
            <h1
              className="mb-3"
            >
              <img
                alt=""
                className="mr-2"
                height="40"
                src="logo.svg"
              />
              Helping Families in Silicon Valley
            </h1>
            <h2
              className="mb-3 d-none d-sm-block"
            >
              We are a multi service organization that offers inspirational workshops, mentoring and resources to help families.
               
            </h2>
            <a
              className="btn btn-outline btn-xl js-scroll-trigger"
              href="#contact"
            >
              Start Helping Today
            </a>
          </div>
        </div>
      </div>
    </div>
  </header>
  <section
    className="pb-5 bg-light page-section"
    id="blog"
  >
    <div
      className="container"
    >
      <h5
        className="section-title h1"
      >
        Workshops
      </h5>
      <div
        className="row mb-2 justify-content-md-center"
      >
        <div
          className="col-md-6"
        >
          <div
            className="row no-gutters border rounded overflow-hidden flex-md-row mb-4 shadow-sm h-md-250 position-relative"
          >
            <div
              className="col p-4 d-flex flex-column position-static"
            >
              <strong
                className="d-inline-block mb-2 text-primary"
              >
                Workshop
              </strong>
              <h3
                className="mb-0"
              >
                Helpful Tips During Social Distancing
              </h3>
              <div
                className="mb-1 text-muted"
              >
                March 24 6:30 PM PDT
              </div>
              <p
                className="card-text mb-auto"
              >
                Helping Families in Silicon Valley is hosting a Q/A webinar during social distancing with guest speaker RN Lorena Torres.
              </p>
              <a
                className="stretched-link text-primary"
                href="https://www.eventbrite.com/e/helpful-tips-during-social-distancing-tickets-100336011712"
              >
                Continue reading
              </a>
            </div>
            <div
              className="col-auto d-none d-lg-block"
            >
              <img
                alt=""
                className="bd-placeholder-img mt-4 mr-3"
                src="https://img.evbuc.com/https%3A%2F%2Fcdn.evbuc.com%2Fimages%2F96951240%2F408932228207%2F1%2Foriginal.20200319-034420?w=1080&auto=format%2Ccompress&q=75&sharp=10&rect=0%2C0%2C3300%2C1650&s=8bdb790f4499d97a5c49dd3668119e88"
                style={
                  Object {
                    "maxHeight": "200px",
                    "maxWidth": "150px",
                  }
                }
              />
            </div>
          </div>
        </div>
        <div
          className="col-md-6"
        >
          <div
            className="row no-gutters border rounded overflow-hidden flex-md-row mb-4 shadow-sm h-md-250 position-relative"
          >
            <div
              className="col p-4 d-flex flex-column position-static"
            >
              <strong
                className="d-inline-block mb-2 text-primary"
              >
                Workshop
              </strong>
              <h3
                className="mb-0"
              >
                SMART GOALS
              </h3>
              <div
                className="mb-1 text-muted"
              >
                March 11
              </div>
              <p
                className="card-text mb-auto"
              >
                This workshop provides an overview of a simple but effective model for identifying, planning for business, personal, ...
              </p>
              <a
                className="stretched-link text-primary"
                href="https://www.eventbrite.com/e/smart-goals-setting-with-adrienne-lawson-tickets-95119604297?ref=eios"
              >
                Continue reading
              </a>
            </div>
            <div
              className="col-auto d-none d-lg-block"
            >
              <img
                alt=""
                className="bd-placeholder-img mt-4 mr-3"
                src="https://img.evbuc.com/https%3A%2F%2Fcdn.evbuc.com%2Fimages%2F92912059%2F408932228207%2F1%2Foriginal.20200218-001752?w=1080&auto=format%2Ccompress&q=75&sharp=10&rect=0%2C0%2C890%2C445&s=bea7c2ef362449fb8ef6305721af5e80"
                style={
                  Object {
                    "maxHeight": "200px",
                    "maxWidth": "150px",
                  }
                }
              />
            </div>
          </div>
        </div>
      </div>
    </div>
  </section>
  <section
    className="download bg-navy-blue-3 text-white text-center"
    id="download"
  >
    <div
      className="container"
    >
      <div
        className="row"
      >
        <div
          className="col-md-8 mx-auto"
        >
          <h2
            className="section-heading"
          >
            Our vision is to uplift and strengthen parents, guardians, and individuals to help them reach their full potential.
          </h2>
          <p>
            Contact Us to get started!
          </p>
        </div>
      </div>
    </div>
  </section>
  <section
    className="pb-5 bg-light page-section"
    id="team"
  >
    <div
      className="container"
    >
      <h5
        className="section-title h1"
      >
        Founders
      </h5>
      <div
        className="row"
      >
        <div
          className="col-xs-12 col-sm-6 col-md-6 mb-5"
        >
          <div
            className="image-flip"
          >
            <div
              className="mainflip"
            >
              <div
                className="frontside"
              >
                <div
                  className="text-center card"
                >
                  <div
                    className="card-body"
                  >
                    <br />
                    <img
                      alt="card image"
                      className="card-img img-fluid"
                      src="./img/avatar/julie-larios.jpeg"
                    />
                    <br />
                    <br />
                    <br />
                    <div
                      className="card-title h5"
                    >
                      Julie Larios
                    </div>
                    <div
                      className="card-subtitle h6"
                    >
                      CEO and Co-founder
                    </div>
                  </div>
                </div>
              </div>
              <div
                className="backside"
              >
                <div
                  className="text-center card"
                >
                  <div
                    className="card-body"
                  >
                    <div
                      className="card-title h5"
                    >
                      Julie Larios
                    </div>
                    <div
                      className="card-subtitle h6"
                    >
                      Julie founded Helping Families in Silicon Valley in 2019. What inspired her to start the Helping Families organization was her passion for helping the community strive. In fact, prior to her profession Julie studied at San Jose State University  where she earned her undergraduate degree in Justice Studies. Julieâ€™s vision as a non-profit leader is to uplift and strengthen families in the community.
                    </div>
                    <br />
                    <ul
                      className="list-inline social-buttons"
                    >
                      <li
                        className="list-inline-item"
                      >
                        <a
                          href="mailto:julie.larios@helpingfamiliesinsv.org"
                        >
                          <i
                            className="fas fa-envelope text-white"
                          />
                        </a>
                      </li>
                      <li
                        className="list-inline-item"
                      >
                        <a
                          href="https://www.linkedin.com/in/julie-larios-5717a0152/"
                        >
                          <i
                            className="fab fa-linkedin-in text-white"
                          />
                        </a>
                      </li>
                    </ul>
                  </div>
                </div>
              </div>
            </div>
          </div>
        </div>
        <div
          className="col-xs-12 col-sm-6 col-md-6 mb-5"
        >
          <div
            className="image-flip"
          >
            <div
              className="mainflip"
            >
              <div
                className="frontside"
              >
                <div
                  className="text-center card"
                >
                  <div
                    className="card-body"
                  >
                    <br />
                    <img
                      alt="card image"
                      className="card-img img-fluid"
                      src="./img/avatar/melissa-montoya.jpeg"
                    />
                    <br />
                    <br />
                    <br />
                    <div
                      className="card-title h5"
                    >
                      Melissa Montoya
                    </div>
                    <div
                      className="card-subtitle h6"
                    >
                      Chief Financial Officer and Co-founder
                    </div>
                  </div>
                </div>
              </div>
              <div
                className="backside"
              >
                <div
                  className="text-center card"
                >
                  <div
                    className="card-body"
                  >
                    <div
                      className="card-title h5"
                    >
                      Melissa Montoya
                    </div>
                    <div
                      className="card-subtitle h6"
                    >
                      Melissa is a Bay Area native, born and raised in Redwood City. Starting Helping Families in Silicon Valley has always been a dream of hers. As the Co- Founder and Chief Financial Officer she plans to reach as many families through workshops and by providing resources. She received her undergraduate degree from SJSU with a Liberal Arts Major focusing on Child Development. Sheâ€™s worked as a teacher for over eight years. Her passion is to give back to the community and return the gift of giving.
                    </div>
                    <br />
                    <ul
                      className="list-inline social-buttons"
                    >
                      <li
                        className="list-inline-item"
                      >
                        <a
                          href="mailto:melissa@helpingfamiliesinsv.org"
                        >
                          <i
                            className="fas fa-envelope text-white"
                          />
                        </a>
                      </li>
                      <li
                        className="list-inline-item"
                      >
                        <a
                          href="https://www.linkedin.com/in/melissa-montoya-82574a116/"
                        >
                          <i
                            className="fab fa-linkedin-in text-white"
                          />
                        </a>
                      </li>
                    </ul>
                  </div>
                </div>
              </div>
            </div>
          </div>
        </div>
      </div>
    </div>
  </section>
  <section
    className="cta bg-img-classroom"
  >
    <div
      className="cta-content"
    >
      <div
        className="container"
      >
        <h2>
          Stop waiting.
          <br />
          Start Getting Involved.
        </h2>
        <a
          className="btn btn-outline btn-xl js-scroll-trigger"
          href="#contact"
        >
          Let's Get Started!
        </a>
      </div>
    </div>
    <div
      className="overlay"
    />
  </section>
  <section
    className="contact bg-navy-blue-3 text-white"
    id="contact"
  >
    <div
      className="container"
    >
      <p>
        <a
          href="https://www.paypal.com/cgi-bin/webscr?cmd=_s-xclick&hosted_button_id=VFZQL9TJ28Y52&source=url"
        >
          Donate: 
          <i
            className="fab fa-3x fa-paypal"
          />
        </a>
      </p>
      <p>
        Email: 
        <a
          href="mailto:info@helpingfamiliesinsv.org"
        >
          info@helpingfamiliesinsv.org
        </a>
      </p>
      <ul
        className="list-inline list-social"
      >
        <li
          className="list-inline-item"
        >
          <a
            href="https://instagram.com/helpingfamiliesinsiliconvalley?helping=families"
          >
            <i
              className="fab fa-instagram"
            />
          </a>
        </li>
        <li
          className="list-inline-item"
        >
          <a
            href="mailto:info@helpingfamiliesinsv.org"
          >
            <i
              className="fas fa-envelope"
            />
          </a>
        </li>
        <li
          className="list-inline-item"
        >
          <a
            href="https://www.facebook.com/Helping-Families-in-Silicon-Valley-102948694690106?helping=families"
          >
            <i
              className="fab fa-facebook"
            />
          </a>
        </li>
      </ul>
    </div>
  </section>
  <footer>
    <div
      className="container"
    >
      <p>
        Â© Helping Families in Silicon Valley 2019. All Rights Reserved.
      </p>
      <ul
        className="list-inline"
      >
        <li
          className="list-inline-item"
        >
          <a
            href="#"
          >
            Privacy
          </a>
        </li>
        <li
          className="list-inline-item"
        >
          <a
            href="#"
          >
            Terms
          </a>
        </li>
        <li
          className="list-inline-item"
        >
          <a
            href="#"
          >
            FAQ
          </a>
        </li>
      </ul>
    </div>
  </footer>
</div>
`;
